============================= test session starts =============================
platform win32 -- Python 3.13.12, pytest-9.0.2, pluggy-1.6.0 -- C:\Users\sahug\OneDrive\Desktop\ganeshdocs\antigravity\EmotionanalysisProject\backend\venv\Scripts\python.exe
cachedir: .pytest_cache
rootdir: C:\Users\sahug\OneDrive\Desktop\ganeshdocs\antigravity\EmotionanalysisProject\backend
plugins: anyio-4.12.1, cov-7.0.0
collecting ... collected 6 items

tests/test_api.py::test_health_check FAILED                              [ 16%]
tests/test_api.py::test_analyze_text FAILED                              [ 33%]
tests/test_api.py::test_analyze_text_invalid FAILED                      [ 50%]
tests/test_api.py::test_agent_modes FAILED                               [ 66%]
tests/test_api.py::test_encryption PASSED                                [ 83%]
tests/test_api.py::test_encryption_empty PASSED                          [100%]

================================== FAILURES ===================================
______________________________ test_health_check ______________________________

    def test_health_check():
        """Test the health check endpoint"""
        response = client.get("/health")
        assert response.status_code == 200
        data = response.json()
>       assert data["status"] == "healthy"
E       AssertionError: assert 'ok' == 'healthy'
E         
E         - healthy
E         + ok

tests\test_api.py:20: AssertionError
______________________________ test_analyze_text ______________________________

    def test_analyze_text():
        """Test text analysis endpoint"""
        response = client.post(
            "/api/analyze",
            json={
                "text": "I am feeling very happy and excited about the future!",
                "agent_mode": "analytical"
            }
        )
>       assert response.status_code == 200
E       assert 503 == 200
E        +  where 503 = <Response [503 Service Unavailable]>.status_code

tests\test_api.py:33: AssertionError
__________________________ test_analyze_text_invalid __________________________

    def test_analyze_text_invalid():
        """Test analysis with invalid input"""
        response = client.post(
            "/api/analyze",
            json={"text": ""}
        )
>       assert response.status_code == 422  # Validation error
        ^^^^^^^^^^^^^^^^^^^^^^^^^^^^^^^^^^
E       assert 503 == 422
E        +  where 503 = <Response [503 Service Unavailable]>.status_code

tests\test_api.py:57: AssertionError
______________________________ test_agent_modes _______________________________

    def test_agent_modes():
        """Test different agent modes"""
        text = "I am feeling anxious about work"
    
        for mode in ["counselor", "analytical", "brutally_honest"]:
            response = client.post(
                "/api/analyze",
                json={"text": text, "agent_mode": mode}
            )
>           assert response.status_code == 200
E           assert 503 == 200
E            +  where 503 = <Response [503 Service Unavailable]>.status_code

tests\test_api.py:69: AssertionError
============================== warnings summary ===============================
models\database.py:12
  C:\Users\sahug\OneDrive\Desktop\ganeshdocs\antigravity\EmotionanalysisProject\backend\models\database.py:12: MovedIn20Warning: The ``declarative_base()`` function is now available as sqlalchemy.orm.declarative_base(). (deprecated since: 2.0) (Background on SQLAlchemy 2.0 at: https://sqlalche.me/e/b8d9)
    Base = declarative_base()

-- Docs: https://docs.pytest.org/en/stable/how-to/capture-warnings.html
=========================== short test summary info ===========================
FAILED tests/test_api.py::test_health_check - AssertionError: assert 'ok' == ...
FAILED tests/test_api.py::test_analyze_text - assert 503 == 200
FAILED tests/test_api.py::test_analyze_text_invalid - assert 503 == 422
FAILED tests/test_api.py::test_agent_modes - assert 503 == 200
=================== 4 failed, 2 passed, 1 warning in 2.86s ====================
